running egg_info
creating ../../../build/fruit_sorting_webots/fruit_sorting_webots.egg-info
writing ../../../build/fruit_sorting_webots/fruit_sorting_webots.egg-info/PKG-INFO
writing dependency_links to ../../../build/fruit_sorting_webots/fruit_sorting_webots.egg-info/dependency_links.txt
writing entry points to ../../../build/fruit_sorting_webots/fruit_sorting_webots.egg-info/entry_points.txt
writing requirements to ../../../build/fruit_sorting_webots/fruit_sorting_webots.egg-info/requires.txt
writing top-level names to ../../../build/fruit_sorting_webots/fruit_sorting_webots.egg-info/top_level.txt
writing manifest file '../../../build/fruit_sorting_webots/fruit_sorting_webots.egg-info/SOURCES.txt'
reading manifest file '../../../build/fruit_sorting_webots/fruit_sorting_webots.egg-info/SOURCES.txt'
writing manifest file '../../../build/fruit_sorting_webots/fruit_sorting_webots.egg-info/SOURCES.txt'
running build
running build_py
creating /home/biolab-linux/openARM/build/fruit_sorting_webots/build
creating /home/biolab-linux/openARM/build/fruit_sorting_webots/build/lib
creating /home/biolab-linux/openARM/build/fruit_sorting_webots/build/lib/fruit_sorting_webots
copying fruit_sorting_webots/__init__.py -> /home/biolab-linux/openARM/build/fruit_sorting_webots/build/lib/fruit_sorting_webots
running install
running install_lib
creating /home/biolab-linux/openARM/install/fruit_sorting_webots/lib/python3.10/site-packages/fruit_sorting_webots
copying /home/biolab-linux/openARM/build/fruit_sorting_webots/build/lib/fruit_sorting_webots/__init__.py -> /home/biolab-linux/openARM/install/fruit_sorting_webots/lib/python3.10/site-packages/fruit_sorting_webots
byte-compiling /home/biolab-linux/openARM/install/fruit_sorting_webots/lib/python3.10/site-packages/fruit_sorting_webots/__init__.py to __init__.cpython-310.pyc
running install_data
creating /home/biolab-linux/openARM/install/fruit_sorting_webots/share/ament_index
creating /home/biolab-linux/openARM/install/fruit_sorting_webots/share/ament_index/resource_index
creating /home/biolab-linux/openARM/install/fruit_sorting_webots/share/ament_index/resource_index/packages
copying resource/fruit_sorting_webots -> /home/biolab-linux/openARM/install/fruit_sorting_webots/share/ament_index/resource_index/packages
copying package.xml -> /home/biolab-linux/openARM/install/fruit_sorting_webots/share/fruit_sorting_webots
creating /home/biolab-linux/openARM/install/fruit_sorting_webots/share/fruit_sorting_webots/launch
copying launch/robot_launch.py -> /home/biolab-linux/openARM/install/fruit_sorting_webots/share/fruit_sorting_webots/launch
copying launch/run_sim.launch.py -> /home/biolab-linux/openARM/install/fruit_sorting_webots/share/fruit_sorting_webots/launch
creating /home/biolab-linux/openARM/install/fruit_sorting_webots/share/fruit_sorting_webots/worlds
copying worlds/Universal Robot OpenCV.wbt -> /home/biolab-linux/openARM/install/fruit_sorting_webots/share/fruit_sorting_webots/worlds
creating /home/biolab-linux/openARM/install/fruit_sorting_webots/share/fruit_sorting_webots/worlds/obj
creating /home/biolab-linux/openARM/install/fruit_sorting_webots/share/fruit_sorting_webots/worlds/obj/rail
copying worlds/obj/rail/rail.mtl -> /home/biolab-linux/openARM/install/fruit_sorting_webots/share/fruit_sorting_webots/worlds/obj/rail
copying worlds/obj/rail/rail.obj -> /home/biolab-linux/openARM/install/fruit_sorting_webots/share/fruit_sorting_webots/worlds/obj/rail
copying worlds/obj/rail/obj.mtl -> /home/biolab-linux/openARM/install/fruit_sorting_webots/share/fruit_sorting_webots/worlds/obj/rail
creating /home/biolab-linux/openARM/install/fruit_sorting_webots/share/fruit_sorting_webots/controllers
creating /home/biolab-linux/openARM/install/fruit_sorting_webots/share/fruit_sorting_webots/controllers/fruit_sorting_ctrl_opencv
copying controllers/fruit_sorting_ctrl_opencv/fruit_sorting_ctrl_opencv.py -> /home/biolab-linux/openARM/install/fruit_sorting_webots/share/fruit_sorting_webots/controllers/fruit_sorting_ctrl_opencv/.
copying controllers/fruit_sorting_ctrl_opencv/01HSV.png -> /home/biolab-linux/openARM/install/fruit_sorting_webots/share/fruit_sorting_webots/controllers/fruit_sorting_ctrl_opencv/.
copying controllers/fruit_sorting_ctrl_opencv/02Orange.png -> /home/biolab-linux/openARM/install/fruit_sorting_webots/share/fruit_sorting_webots/controllers/fruit_sorting_ctrl_opencv/.
copying controllers/fruit_sorting_ctrl_opencv/00Roi.png -> /home/biolab-linux/openARM/install/fruit_sorting_webots/share/fruit_sorting_webots/controllers/fruit_sorting_ctrl_opencv/.
copying controllers/fruit_sorting_ctrl_opencv/03Green.png -> /home/biolab-linux/openARM/install/fruit_sorting_webots/share/fruit_sorting_webots/controllers/fruit_sorting_ctrl_opencv/.
creating /home/biolab-linux/openARM/install/fruit_sorting_webots/share/fruit_sorting_webots/controllers/fruit_sorting_ctrl_opencv/apple
copying controllers/fruit_sorting_ctrl_opencv/apple/01HSV.png -> /home/biolab-linux/openARM/install/fruit_sorting_webots/share/fruit_sorting_webots/controllers/fruit_sorting_ctrl_opencv/apple
copying controllers/fruit_sorting_ctrl_opencv/apple/00Roi.png -> /home/biolab-linux/openARM/install/fruit_sorting_webots/share/fruit_sorting_webots/controllers/fruit_sorting_ctrl_opencv/apple
copying controllers/fruit_sorting_ctrl_opencv/apple/03Green.png -> /home/biolab-linux/openARM/install/fruit_sorting_webots/share/fruit_sorting_webots/controllers/fruit_sorting_ctrl_opencv/apple
creating /home/biolab-linux/openARM/install/fruit_sorting_webots/share/fruit_sorting_webots/controllers/fruit_sorting_ctrl_opencv/orange
copying controllers/fruit_sorting_ctrl_opencv/orange/01HSV.png -> /home/biolab-linux/openARM/install/fruit_sorting_webots/share/fruit_sorting_webots/controllers/fruit_sorting_ctrl_opencv/orange
copying controllers/fruit_sorting_ctrl_opencv/orange/02Orange.png -> /home/biolab-linux/openARM/install/fruit_sorting_webots/share/fruit_sorting_webots/controllers/fruit_sorting_ctrl_opencv/orange
copying controllers/fruit_sorting_ctrl_opencv/orange/00Roi.png -> /home/biolab-linux/openARM/install/fruit_sorting_webots/share/fruit_sorting_webots/controllers/fruit_sorting_ctrl_opencv/orange
running install_egg_info
Copying ../../../build/fruit_sorting_webots/fruit_sorting_webots.egg-info to /home/biolab-linux/openARM/install/fruit_sorting_webots/lib/python3.10/site-packages/fruit_sorting_webots-0.0.0-py3.10.egg-info
running install_scripts
writing list of installed files to '/home/biolab-linux/openARM/build/fruit_sorting_webots/install.log'
