/home/biolab-linux/openARM/install/fruit_sorting_webots/lib/python3.10/site-packages/fruit_sorting_webots/__init__.py
/home/biolab-linux/openARM/install/fruit_sorting_webots/lib/python3.10/site-packages/fruit_sorting_webots/__pycache__/__init__.cpython-310.pyc
/home/biolab-linux/openARM/install/fruit_sorting_webots/share/ament_index/resource_index/packages/fruit_sorting_webots
/home/biolab-linux/openARM/install/fruit_sorting_webots/share/fruit_sorting_webots/package.xml
/home/biolab-linux/openARM/install/fruit_sorting_webots/share/fruit_sorting_webots/launch/robot_launch.py
/home/biolab-linux/openARM/install/fruit_sorting_webots/share/fruit_sorting_webots/launch/run_sim.launch.py
/home/biolab-linux/openARM/install/fruit_sorting_webots/share/fruit_sorting_webots/worlds/Universal Robot OpenCV.wbt
/home/biolab-linux/openARM/install/fruit_sorting_webots/share/fruit_sorting_webots/worlds
/home/biolab-linux/openARM/install/fruit_sorting_webots/share/fruit_sorting_webots/worlds/obj/rail/rail.mtl
/home/biolab-linux/openARM/install/fruit_sorting_webots/share/fruit_sorting_webots/worlds/obj/rail/rail.obj
/home/biolab-linux/openARM/install/fruit_sorting_webots/share/fruit_sorting_webots/worlds/obj/rail/obj.mtl
/home/biolab-linux/openARM/install/fruit_sorting_webots/share/fruit_sorting_webots/controllers/fruit_sorting_ctrl_opencv/./fruit_sorting_ctrl_opencv.py
/home/biolab-linux/openARM/install/fruit_sorting_webots/share/fruit_sorting_webots/controllers/fruit_sorting_ctrl_opencv/./01HSV.png
/home/biolab-linux/openARM/install/fruit_sorting_webots/share/fruit_sorting_webots/controllers/fruit_sorting_ctrl_opencv/./02Orange.png
/home/biolab-linux/openARM/install/fruit_sorting_webots/share/fruit_sorting_webots/controllers/fruit_sorting_ctrl_opencv/./00Roi.png
/home/biolab-linux/openARM/install/fruit_sorting_webots/share/fruit_sorting_webots/controllers/fruit_sorting_ctrl_opencv/./03Green.png
/home/biolab-linux/openARM/install/fruit_sorting_webots/share/fruit_sorting_webots/controllers/fruit_sorting_ctrl_opencv/apple/01HSV.png
/home/biolab-linux/openARM/install/fruit_sorting_webots/share/fruit_sorting_webots/controllers/fruit_sorting_ctrl_opencv/apple/00Roi.png
/home/biolab-linux/openARM/install/fruit_sorting_webots/share/fruit_sorting_webots/controllers/fruit_sorting_ctrl_opencv/apple/03Green.png
/home/biolab-linux/openARM/install/fruit_sorting_webots/share/fruit_sorting_webots/controllers/fruit_sorting_ctrl_opencv/orange/01HSV.png
/home/biolab-linux/openARM/install/fruit_sorting_webots/share/fruit_sorting_webots/controllers/fruit_sorting_ctrl_opencv/orange/02Orange.png
/home/biolab-linux/openARM/install/fruit_sorting_webots/share/fruit_sorting_webots/controllers/fruit_sorting_ctrl_opencv/orange/00Roi.png
/home/biolab-linux/openARM/install/fruit_sorting_webots/lib/python3.10/site-packages/fruit_sorting_webots-0.0.0-py3.10.egg-info/PKG-INFO
/home/biolab-linux/openARM/install/fruit_sorting_webots/lib/python3.10/site-packages/fruit_sorting_webots-0.0.0-py3.10.egg-info/dependency_links.txt
/home/biolab-linux/openARM/install/fruit_sorting_webots/lib/python3.10/site-packages/fruit_sorting_webots-0.0.0-py3.10.egg-info/top_level.txt
/home/biolab-linux/openARM/install/fruit_sorting_webots/lib/python3.10/site-packages/fruit_sorting_webots-0.0.0-py3.10.egg-info/SOURCES.txt
/home/biolab-linux/openARM/install/fruit_sorting_webots/lib/python3.10/site-packages/fruit_sorting_webots-0.0.0-py3.10.egg-info/zip-safe
/home/biolab-linux/openARM/install/fruit_sorting_webots/lib/python3.10/site-packages/fruit_sorting_webots-0.0.0-py3.10.egg-info/entry_points.txt
/home/biolab-linux/openARM/install/fruit_sorting_webots/lib/python3.10/site-packages/fruit_sorting_webots-0.0.0-py3.10.egg-info/requires.txt
