[0.091s] DEBUG:colcon:Command line arguments: ['/usr/bin/colcon', 'build', '--symlink-install']
[0.091s] DEBUG:colcon:Parsed command line arguments: Namespace(log_base=None, log_level=None, verb_name='build', build_base='build', install_base='install', merge_install=False, symlink_install=True, test_result_base=None, continue_on_error=False, executor='parallel', parallel_workers=12, event_handlers=None, ignore_user_meta=False, metas=['./colcon.meta'], base_paths=['.'], packages_ignore=None, packages_ignore_regex=None, paths=None, packages_up_to=None, packages_up_to_regex=None, packages_above=None, packages_above_and_dependencies=None, packages_above_depth=None, packages_select_by_dep=None, packages_skip_by_dep=None, packages_skip_up_to=None, packages_select_build_failed=False, packages_skip_build_finished=False, packages_select_test_failures=False, packages_skip_test_passed=False, packages_select=None, packages_skip=None, packages_select_regex=None, packages_skip_regex=None, packages_start=None, packages_end=None, allow_overriding=[], cmake_args=None, cmake_target=None, cmake_target_skip_unavailable=False, cmake_clean_cache=False, cmake_clean_first=False, cmake_force_configure=False, ament_cmake_args=None, catkin_cmake_args=None, catkin_skip_building_tests=False, verb_parser=<colcon_defaults.argument_parser.defaults.DefaultArgumentsDecorator object at 0x785d68f5a1a0>, verb_extension=<colcon_core.verb.build.BuildVerb object at 0x785d68f59bd0>, main=<bound method BuildVerb.main of <colcon_core.verb.build.BuildVerb object at 0x785d68f59bd0>>)
[0.242s] Level 1:colcon.colcon_core.package_discovery:discover_packages(colcon_meta) check parameters
[0.243s] Level 1:colcon.colcon_core.package_discovery:discover_packages(recursive) check parameters
[0.243s] Level 1:colcon.colcon_core.package_discovery:discover_packages(ignore) check parameters
[0.243s] Level 1:colcon.colcon_core.package_discovery:discover_packages(path) check parameters
[0.243s] Level 1:colcon.colcon_core.package_discovery:discover_packages(colcon_meta) discover
[0.243s] Level 1:colcon.colcon_core.package_discovery:discover_packages(recursive) discover
[0.243s] INFO:colcon.colcon_core.package_discovery:Crawling recursively for packages in '/home/biolab-linux/openARM/ros2_ws'
[0.243s] Level 1:colcon.colcon_core.package_identification:_identify(.) by extensions ['ignore', 'ignore_ament_install']
[0.243s] Level 1:colcon.colcon_core.package_identification:_identify(.) by extension 'ignore'
[0.243s] Level 1:colcon.colcon_core.package_identification:_identify(.) by extension 'ignore_ament_install'
[0.243s] Level 1:colcon.colcon_core.package_identification:_identify(.) by extensions ['colcon_pkg']
[0.243s] Level 1:colcon.colcon_core.package_identification:_identify(.) by extension 'colcon_pkg'
[0.243s] Level 1:colcon.colcon_core.package_identification:_identify(.) by extensions ['colcon_meta']
[0.243s] Level 1:colcon.colcon_core.package_identification:_identify(.) by extension 'colcon_meta'
[0.243s] Level 1:colcon.colcon_core.package_identification:_identify(.) by extensions ['ros']
[0.243s] Level 1:colcon.colcon_core.package_identification:_identify(.) by extension 'ros'
[0.252s] Level 1:colcon.colcon_core.package_identification:_identify(.) by extensions ['cmake', 'python']
[0.252s] Level 1:colcon.colcon_core.package_identification:_identify(.) by extension 'cmake'
[0.252s] Level 1:colcon.colcon_core.package_identification:_identify(.) by extension 'python'
[0.252s] Level 1:colcon.colcon_core.package_identification:_identify(.) by extensions ['python_setup_py']
[0.252s] Level 1:colcon.colcon_core.package_identification:_identify(.) by extension 'python_setup_py'
[0.252s] Level 1:colcon.colcon_core.package_identification:_identify(build) by extensions ['ignore', 'ignore_ament_install']
[0.252s] Level 1:colcon.colcon_core.package_identification:_identify(build) by extension 'ignore'
[0.252s] Level 1:colcon.colcon_core.package_identification:_identify(build) ignored
[0.252s] Level 1:colcon.colcon_core.package_identification:_identify(install) by extensions ['ignore', 'ignore_ament_install']
[0.252s] Level 1:colcon.colcon_core.package_identification:_identify(install) by extension 'ignore'
[0.252s] Level 1:colcon.colcon_core.package_identification:_identify(install) ignored
[0.252s] Level 1:colcon.colcon_core.package_identification:_identify(log) by extensions ['ignore', 'ignore_ament_install']
[0.252s] Level 1:colcon.colcon_core.package_identification:_identify(log) by extension 'ignore'
[0.253s] Level 1:colcon.colcon_core.package_identification:_identify(log) ignored
[0.253s] Level 1:colcon.colcon_core.package_identification:_identify(src) by extensions ['ignore', 'ignore_ament_install']
[0.253s] Level 1:colcon.colcon_core.package_identification:_identify(src) by extension 'ignore'
[0.253s] Level 1:colcon.colcon_core.package_identification:_identify(src) by extension 'ignore_ament_install'
[0.253s] Level 1:colcon.colcon_core.package_identification:_identify(src) by extensions ['colcon_pkg']
[0.253s] Level 1:colcon.colcon_core.package_identification:_identify(src) by extension 'colcon_pkg'
[0.253s] Level 1:colcon.colcon_core.package_identification:_identify(src) by extensions ['colcon_meta']
[0.253s] Level 1:colcon.colcon_core.package_identification:_identify(src) by extension 'colcon_meta'
[0.253s] Level 1:colcon.colcon_core.package_identification:_identify(src) by extensions ['ros']
[0.253s] Level 1:colcon.colcon_core.package_identification:_identify(src) by extension 'ros'
[0.253s] Level 1:colcon.colcon_core.package_identification:_identify(src) by extensions ['cmake', 'python']
[0.253s] Level 1:colcon.colcon_core.package_identification:_identify(src) by extension 'cmake'
[0.253s] Level 1:colcon.colcon_core.package_identification:_identify(src) by extension 'python'
[0.253s] Level 1:colcon.colcon_core.package_identification:_identify(src) by extensions ['python_setup_py']
[0.253s] Level 1:colcon.colcon_core.package_identification:_identify(src) by extension 'python_setup_py'
[0.253s] Level 1:colcon.colcon_core.package_identification:_identify(src/widowx_control) by extensions ['ignore', 'ignore_ament_install']
[0.253s] Level 1:colcon.colcon_core.package_identification:_identify(src/widowx_control) by extension 'ignore'
[0.253s] Level 1:colcon.colcon_core.package_identification:_identify(src/widowx_control) by extension 'ignore_ament_install'
[0.253s] Level 1:colcon.colcon_core.package_identification:_identify(src/widowx_control) by extensions ['colcon_pkg']
[0.253s] Level 1:colcon.colcon_core.package_identification:_identify(src/widowx_control) by extension 'colcon_pkg'
[0.253s] Level 1:colcon.colcon_core.package_identification:_identify(src/widowx_control) by extensions ['colcon_meta']
[0.253s] Level 1:colcon.colcon_core.package_identification:_identify(src/widowx_control) by extension 'colcon_meta'
[0.253s] Level 1:colcon.colcon_core.package_identification:_identify(src/widowx_control) by extensions ['ros']
[0.253s] Level 1:colcon.colcon_core.package_identification:_identify(src/widowx_control) by extension 'ros'
[0.256s] DEBUG:colcon.colcon_core.package_identification:Package 'src/widowx_control' with type 'ros.ament_python' and name 'widowx_control'
[0.256s] Level 1:colcon.colcon_core.package_discovery:discover_packages(recursive) using defaults
[0.256s] Level 1:colcon.colcon_core.package_discovery:discover_packages(ignore) discover
[0.256s] Level 1:colcon.colcon_core.package_discovery:discover_packages(ignore) using defaults
[0.256s] Level 1:colcon.colcon_core.package_discovery:discover_packages(path) discover
[0.256s] Level 1:colcon.colcon_core.package_discovery:discover_packages(path) using defaults
[0.278s] Level 1:colcon.colcon_core.package_discovery:discover_packages(prefix_path) check parameters
[0.278s] Level 1:colcon.colcon_core.package_discovery:discover_packages(prefix_path) discover
[0.280s] DEBUG:colcon.colcon_installed_package_information.package_discovery:Found 5 installed packages in /home/biolab-linux/RoboticArm/install
[0.281s] DEBUG:colcon.colcon_installed_package_information.package_discovery:Found 327 installed packages in /opt/ros/humble
[0.283s] Level 1:colcon.colcon_core.package_discovery:discover_packages(prefix_path) using defaults
[0.320s] Level 5:colcon.colcon_core.verb:set package 'widowx_control' build argument 'cmake_args' from command line to 'None'
[0.320s] Level 5:colcon.colcon_core.verb:set package 'widowx_control' build argument 'cmake_target' from command line to 'None'
[0.320s] Level 5:colcon.colcon_core.verb:set package 'widowx_control' build argument 'cmake_target_skip_unavailable' from command line to 'False'
[0.320s] Level 5:colcon.colcon_core.verb:set package 'widowx_control' build argument 'cmake_clean_cache' from command line to 'False'
[0.320s] Level 5:colcon.colcon_core.verb:set package 'widowx_control' build argument 'cmake_clean_first' from command line to 'False'
[0.320s] Level 5:colcon.colcon_core.verb:set package 'widowx_control' build argument 'cmake_force_configure' from command line to 'False'
[0.321s] Level 5:colcon.colcon_core.verb:set package 'widowx_control' build argument 'ament_cmake_args' from command line to 'None'
[0.321s] Level 5:colcon.colcon_core.verb:set package 'widowx_control' build argument 'catkin_cmake_args' from command line to 'None'
[0.321s] Level 5:colcon.colcon_core.verb:set package 'widowx_control' build argument 'catkin_skip_building_tests' from command line to 'False'
[0.321s] DEBUG:colcon.colcon_core.verb:Building package 'widowx_control' with the following arguments: {'ament_cmake_args': None, 'build_base': '/home/biolab-linux/openARM/ros2_ws/build/widowx_control', 'catkin_cmake_args': None, 'catkin_skip_building_tests': False, 'cmake_args': None, 'cmake_clean_cache': False, 'cmake_clean_first': False, 'cmake_force_configure': False, 'cmake_target': None, 'cmake_target_skip_unavailable': False, 'install_base': '/home/biolab-linux/openARM/ros2_ws/install/widowx_control', 'merge_install': False, 'path': '/home/biolab-linux/openARM/ros2_ws/src/widowx_control', 'symlink_install': True, 'test_result_base': None}
[0.321s] INFO:colcon.colcon_core.executor:Executing jobs using 'parallel' executor
[0.322s] DEBUG:colcon.colcon_parallel_executor.executor.parallel:run_until_complete
[0.322s] INFO:colcon.colcon_ros.task.ament_python.build:Building ROS package in '/home/biolab-linux/openARM/ros2_ws/src/widowx_control' with build type 'ament_python'
[0.322s] Level 1:colcon.colcon_core.shell:create_environment_hook('widowx_control', 'ament_prefix_path')
[0.324s] INFO:colcon.colcon_core.plugin_system:Skipping extension 'colcon_core.shell.bat': Not used on non-Windows systems
[0.324s] INFO:colcon.colcon_core.shell:Creating environment hook '/home/biolab-linux/openARM/ros2_ws/install/widowx_control/share/widowx_control/hook/ament_prefix_path.ps1'
[0.324s] INFO:colcon.colcon_core.shell:Creating environment descriptor '/home/biolab-linux/openARM/ros2_ws/install/widowx_control/share/widowx_control/hook/ament_prefix_path.dsv'
[0.325s] INFO:colcon.colcon_core.shell:Creating environment hook '/home/biolab-linux/openARM/ros2_ws/install/widowx_control/share/widowx_control/hook/ament_prefix_path.sh'
[0.325s] INFO:colcon.colcon_core.shell:Skip shell extension 'powershell' for command environment: Not usable outside of PowerShell
[0.325s] DEBUG:colcon.colcon_core.shell:Skip shell extension 'dsv' for command environment
[0.555s] INFO:colcon.colcon_core.task.python.build:Building Python package in '/home/biolab-linux/openARM/ros2_ws/src/widowx_control'
[0.555s] INFO:colcon.colcon_core.shell:Skip shell extension 'powershell' for command environment: Not usable outside of PowerShell
[0.555s] DEBUG:colcon.colcon_core.shell:Skip shell extension 'dsv' for command environment
[0.864s] DEBUG:colcon.colcon_core.task.python.build:Available setuptools commands: build_py, build_ext, build_scripts, sdist, clean, extract_messages, bdist, build_clib, rotate, setopt, install_lib, egg_info, init_catalog, bdist_dumb, develop, compile_catalog, install_scripts, dist_info, saveopts, install_egg_info, check, update_catalog, register, bdist_egg, easy_install, symlink_data, install, build, test, bdist_wheel, upload_docs, bdist_rpm, alias, install_headers, upload, install_data
[1.111s] DEBUG:colcon.colcon_core.task.python.build:Available setuptools 'develop' options: --allow-hosts, --optimize, --user, --uninstall, --install-dir, --build-directory, --zip-ok, --always-copy, --editable, --verbose, --local-snapshots-ok, --quiet, --multi-version, --script-dir, --index-url, --record, --install-layout, --no-deps, --dry-run, --version, --help, --egg-path, --prefix, --site-dirs, --force-installation-into-system-dir, --upgrade, --no-find-links, --exclude-scripts, --no-user-cfg, --find-links, --always-unzip
[1.113s] DEBUG:colcon.colcon_core.event_handler.log_command:Invoking command in '/home/biolab-linux/openARM/ros2_ws/build/widowx_control': PYTHONPATH=/home/biolab-linux/openARM/ros2_ws/build/widowx_control/prefix_override:/usr/lib/python3/dist-packages/colcon_core/task/python/colcon_distutils_commands:/home/biolab-linux/openARM/ros2_ws/install/widowx_control/lib/python3.10/site-packages:${PYTHONPATH} /usr/bin/python3 -W ignore:setup.py install is deprecated -W ignore:easy_install command is deprecated setup.py develop --editable --build-directory /home/biolab-linux/openARM/ros2_ws/build/widowx_control/build --no-deps symlink_data
[1.533s] Level 1:colcon.colcon_core.shell:create_environment_hook('widowx_control', 'pythonpath_develop')
[1.533s] INFO:colcon.colcon_core.shell:Creating environment hook '/home/biolab-linux/openARM/ros2_ws/build/widowx_control/share/widowx_control/hook/pythonpath_develop.ps1'
[1.534s] DEBUG:colcon.colcon_core.event_handler.log_command:Invoked command in '/home/biolab-linux/openARM/ros2_ws/build/widowx_control' returned '0': PYTHONPATH=/home/biolab-linux/openARM/ros2_ws/build/widowx_control/prefix_override:/usr/lib/python3/dist-packages/colcon_core/task/python/colcon_distutils_commands:/home/biolab-linux/openARM/ros2_ws/install/widowx_control/lib/python3.10/site-packages:${PYTHONPATH} /usr/bin/python3 -W ignore:setup.py install is deprecated -W ignore:easy_install command is deprecated setup.py develop --editable --build-directory /home/biolab-linux/openARM/ros2_ws/build/widowx_control/build --no-deps symlink_data
[1.534s] INFO:colcon.colcon_core.shell:Creating environment descriptor '/home/biolab-linux/openARM/ros2_ws/build/widowx_control/share/widowx_control/hook/pythonpath_develop.dsv'
[1.535s] INFO:colcon.colcon_core.shell:Creating environment hook '/home/biolab-linux/openARM/ros2_ws/build/widowx_control/share/widowx_control/hook/pythonpath_develop.sh'
[1.537s] Level 1:colcon.colcon_core.environment:checking '/home/biolab-linux/openARM/ros2_ws/install/widowx_control' for CMake module files
[1.537s] Level 1:colcon.colcon_core.environment:checking '/home/biolab-linux/openARM/ros2_ws/install/widowx_control' for CMake config files
[1.537s] Level 1:colcon.colcon_core.environment:checking '/home/biolab-linux/openARM/ros2_ws/install/widowx_control/lib'
[1.538s] Level 1:colcon.colcon_core.environment:checking '/home/biolab-linux/openARM/ros2_ws/install/widowx_control/bin'
[1.538s] Level 1:colcon.colcon_core.environment:checking '/home/biolab-linux/openARM/ros2_ws/install/widowx_control/lib/pkgconfig/widowx_control.pc'
[1.538s] Level 1:colcon.colcon_core.environment:checking '/home/biolab-linux/openARM/ros2_ws/install/widowx_control/lib/python3.10/site-packages'
[1.538s] Level 1:colcon.colcon_core.shell:create_environment_hook('widowx_control', 'pythonpath')
[1.538s] INFO:colcon.colcon_core.shell:Creating environment hook '/home/biolab-linux/openARM/ros2_ws/install/widowx_control/share/widowx_control/hook/pythonpath.ps1'
[1.538s] INFO:colcon.colcon_core.shell:Creating environment descriptor '/home/biolab-linux/openARM/ros2_ws/install/widowx_control/share/widowx_control/hook/pythonpath.dsv'
[1.539s] INFO:colcon.colcon_core.shell:Creating environment hook '/home/biolab-linux/openARM/ros2_ws/install/widowx_control/share/widowx_control/hook/pythonpath.sh'
[1.539s] Level 1:colcon.colcon_core.environment:checking '/home/biolab-linux/openARM/ros2_ws/install/widowx_control/bin'
[1.539s] Level 1:colcon.colcon_core.environment:create_environment_scripts_only(widowx_control)
[1.539s] INFO:colcon.colcon_core.shell:Creating package script '/home/biolab-linux/openARM/ros2_ws/install/widowx_control/share/widowx_control/package.ps1'
[1.541s] INFO:colcon.colcon_core.shell:Creating package descriptor '/home/biolab-linux/openARM/ros2_ws/install/widowx_control/share/widowx_control/package.dsv'
[1.541s] INFO:colcon.colcon_core.shell:Creating package script '/home/biolab-linux/openARM/ros2_ws/install/widowx_control/share/widowx_control/package.sh'
[1.542s] INFO:colcon.colcon_core.shell:Creating package script '/home/biolab-linux/openARM/ros2_ws/install/widowx_control/share/widowx_control/package.bash'
[1.542s] INFO:colcon.colcon_core.shell:Creating package script '/home/biolab-linux/openARM/ros2_ws/install/widowx_control/share/widowx_control/package.zsh'
[1.543s] Level 1:colcon.colcon_core.environment:create_file_with_runtime_dependencies(/home/biolab-linux/openARM/ros2_ws/install/widowx_control/share/colcon-core/packages/widowx_control)
[1.543s] DEBUG:colcon.colcon_parallel_executor.executor.parallel:closing loop
[1.543s] DEBUG:colcon.colcon_parallel_executor.executor.parallel:loop closed
[1.543s] DEBUG:colcon.colcon_parallel_executor.executor.parallel:run_until_complete finished with '0'
[1.543s] DEBUG:colcon.colcon_core.event_reactor:joining thread
[1.547s] INFO:colcon.colcon_core.plugin_system:Skipping extension 'colcon_notification.desktop_notification.terminal_notifier': Not used on non-Darwin systems
[1.547s] INFO:colcon.colcon_core.plugin_system:Skipping extension 'colcon_notification.desktop_notification.win32': Not used on non-Windows systems
[1.547s] INFO:colcon.colcon_notification.desktop_notification:Sending desktop notification using 'notify2'
[1.556s] DEBUG:colcon.colcon_core.event_reactor:joined thread
[1.557s] INFO:colcon.colcon_core.shell:Creating prefix script '/home/biolab-linux/openARM/ros2_ws/install/local_setup.ps1'
[1.558s] INFO:colcon.colcon_core.shell:Creating prefix util module '/home/biolab-linux/openARM/ros2_ws/install/_local_setup_util_ps1.py'
[1.559s] INFO:colcon.colcon_core.shell:Creating prefix chain script '/home/biolab-linux/openARM/ros2_ws/install/setup.ps1'
[1.560s] INFO:colcon.colcon_core.shell:Creating prefix script '/home/biolab-linux/openARM/ros2_ws/install/local_setup.sh'
[1.560s] INFO:colcon.colcon_core.shell:Creating prefix util module '/home/biolab-linux/openARM/ros2_ws/install/_local_setup_util_sh.py'
[1.561s] INFO:colcon.colcon_core.shell:Creating prefix chain script '/home/biolab-linux/openARM/ros2_ws/install/setup.sh'
[1.562s] INFO:colcon.colcon_core.shell:Creating prefix script '/home/biolab-linux/openARM/ros2_ws/install/local_setup.bash'
[1.562s] INFO:colcon.colcon_core.shell:Creating prefix chain script '/home/biolab-linux/openARM/ros2_ws/install/setup.bash'
[1.563s] INFO:colcon.colcon_core.shell:Creating prefix script '/home/biolab-linux/openARM/ros2_ws/install/local_setup.zsh'
[1.563s] INFO:colcon.colcon_core.shell:Creating prefix chain script '/home/biolab-linux/openARM/ros2_ws/install/setup.zsh'
