[0.543s] Invoking command in '/home/biolab-linux/openARM/ros2_ws/src/widowx_control': PYTHONPATH=/home/biolab-linux/openARM/ros2_ws/build/widowx_control/prefix_override:/usr/lib/python3/dist-packages/colcon_core/task/python/colcon_distutils_commands:/home/biolab-linux/openARM/ros2_ws/install/widowx_control/lib/python3.10/site-packages:${PYTHONPATH} /usr/bin/python3 -W ignore:setup.py install is deprecated -W ignore:easy_install command is deprecated setup.py egg_info --egg-base ../../build/widowx_control build --build-base /home/biolab-linux/openARM/ros2_ws/build/widowx_control/build install --record /home/biolab-linux/openARM/ros2_ws/build/widowx_control/install.log --install-scripts $base/lib/widowx_control --single-version-externally-managed install_data
[0.757s] running egg_info
[0.758s] writing ../../build/widowx_control/widowx_control.egg-info/PKG-INFO
[0.758s] writing dependency_links to ../../build/widowx_control/widowx_control.egg-info/dependency_links.txt
[0.758s] writing entry points to ../../build/widowx_control/widowx_control.egg-info/entry_points.txt
[0.758s] writing requirements to ../../build/widowx_control/widowx_control.egg-info/requires.txt
[0.758s] writing top-level names to ../../build/widowx_control/widowx_control.egg-info/top_level.txt
[0.759s] reading manifest file '../../build/widowx_control/widowx_control.egg-info/SOURCES.txt'
[0.760s] writing manifest file '../../build/widowx_control/widowx_control.egg-info/SOURCES.txt'
[0.760s] running build
[0.760s] running build_py
[0.761s] copying widowx_control/gui_node.py -> /home/biolab-linux/openARM/ros2_ws/build/widowx_control/build/lib/widowx_control
[0.761s] running install
[0.761s] running install_lib
[0.762s] copying /home/biolab-linux/openARM/ros2_ws/build/widowx_control/build/lib/widowx_control/gui_node.py -> /home/biolab-linux/openARM/ros2_ws/install/widowx_control/lib/python3.10/site-packages/widowx_control
[0.762s] byte-compiling /home/biolab-linux/openARM/ros2_ws/install/widowx_control/lib/python3.10/site-packages/widowx_control/gui_node.py to gui_node.cpython-310.pyc
[0.767s] running install_data
[0.768s] running install_egg_info
[0.769s] removing '/home/biolab-linux/openARM/ros2_ws/install/widowx_control/lib/python3.10/site-packages/widowx_control-0.1.0-py3.10.egg-info' (and everything under it)
[0.769s] Copying ../../build/widowx_control/widowx_control.egg-info to /home/biolab-linux/openARM/ros2_ws/install/widowx_control/lib/python3.10/site-packages/widowx_control-0.1.0-py3.10.egg-info
[0.770s] running install_scripts
[0.786s] Installing widowx_driver script to /home/biolab-linux/openARM/ros2_ws/install/widowx_control/lib/widowx_control
[0.786s] Installing widowx_gui script to /home/biolab-linux/openARM/ros2_ws/install/widowx_control/lib/widowx_control
[0.787s] writing list of installed files to '/home/biolab-linux/openARM/ros2_ws/build/widowx_control/install.log'
[0.803s] Invoked command in '/home/biolab-linux/openARM/ros2_ws/src/widowx_control' returned '0': PYTHONPATH=/home/biolab-linux/openARM/ros2_ws/build/widowx_control/prefix_override:/usr/lib/python3/dist-packages/colcon_core/task/python/colcon_distutils_commands:/home/biolab-linux/openARM/ros2_ws/install/widowx_control/lib/python3.10/site-packages:${PYTHONPATH} /usr/bin/python3 -W ignore:setup.py install is deprecated -W ignore:easy_install command is deprecated setup.py egg_info --egg-base ../../build/widowx_control build --build-base /home/biolab-linux/openARM/ros2_ws/build/widowx_control/build install --record /home/biolab-linux/openARM/ros2_ws/build/widowx_control/install.log --install-scripts $base/lib/widowx_control --single-version-externally-managed install_data
