[0.750s] Invoking command in '/home/biolab-linux/openARM/ros2_ws/src/widowx_control': PYTHONPATH=/home/biolab-linux/openARM/build/widowx_control/prefix_override:/usr/lib/python3/dist-packages/colcon_core/task/python/colcon_distutils_commands:/home/biolab-linux/openARM/install/widowx_control/lib/python3.10/site-packages:${PYTHONPATH} /usr/bin/python3 -W ignore:setup.py install is deprecated -W ignore:easy_install command is deprecated setup.py egg_info --egg-base ../../../build/widowx_control build --build-base /home/biolab-linux/openARM/build/widowx_control/build install --record /home/biolab-linux/openARM/build/widowx_control/install.log --install-scripts $base/lib/widowx_control --single-version-externally-managed install_data
[0.962s] running egg_info
[0.962s] writing ../../../build/widowx_control/widowx_control.egg-info/PKG-INFO
[0.962s] writing dependency_links to ../../../build/widowx_control/widowx_control.egg-info/dependency_links.txt
[0.963s] writing entry points to ../../../build/widowx_control/widowx_control.egg-info/entry_points.txt
[0.963s] writing requirements to ../../../build/widowx_control/widowx_control.egg-info/requires.txt
[0.963s] writing top-level names to ../../../build/widowx_control/widowx_control.egg-info/top_level.txt
[0.964s] reading manifest file '../../../build/widowx_control/widowx_control.egg-info/SOURCES.txt'
[0.965s] writing manifest file '../../../build/widowx_control/widowx_control.egg-info/SOURCES.txt'
[0.965s] running build
[0.965s] running build_py
[0.965s] copying widowx_control/gui_node.py -> /home/biolab-linux/openARM/build/widowx_control/build/lib/widowx_control
[0.966s] running install
[0.966s] running install_lib
[0.967s] copying /home/biolab-linux/openARM/build/widowx_control/build/lib/widowx_control/gui_node.py -> /home/biolab-linux/openARM/install/widowx_control/lib/python3.10/site-packages/widowx_control
[0.967s] byte-compiling /home/biolab-linux/openARM/install/widowx_control/lib/python3.10/site-packages/widowx_control/gui_node.py to gui_node.cpython-310.pyc
[0.973s] running install_data
[0.973s] copying launch/widowx_control.launch.py -> /home/biolab-linux/openARM/install/widowx_control/share/widowx_control/launch
[0.973s] running install_egg_info
[0.974s] removing '/home/biolab-linux/openARM/install/widowx_control/lib/python3.10/site-packages/widowx_control-0.1.0-py3.10.egg-info' (and everything under it)
[0.975s] Copying ../../../build/widowx_control/widowx_control.egg-info to /home/biolab-linux/openARM/install/widowx_control/lib/python3.10/site-packages/widowx_control-0.1.0-py3.10.egg-info
[0.976s] running install_scripts
[0.992s] Installing widowx_driver script to /home/biolab-linux/openARM/install/widowx_control/lib/widowx_control
[0.993s] Installing widowx_gui script to /home/biolab-linux/openARM/install/widowx_control/lib/widowx_control
[0.993s] writing list of installed files to '/home/biolab-linux/openARM/build/widowx_control/install.log'
[1.011s] Invoked command in '/home/biolab-linux/openARM/ros2_ws/src/widowx_control' returned '0': PYTHONPATH=/home/biolab-linux/openARM/build/widowx_control/prefix_override:/usr/lib/python3/dist-packages/colcon_core/task/python/colcon_distutils_commands:/home/biolab-linux/openARM/install/widowx_control/lib/python3.10/site-packages:${PYTHONPATH} /usr/bin/python3 -W ignore:setup.py install is deprecated -W ignore:easy_install command is deprecated setup.py egg_info --egg-base ../../../build/widowx_control build --build-base /home/biolab-linux/openARM/build/widowx_control/build install --record /home/biolab-linux/openARM/build/widowx_control/install.log --install-scripts $base/lib/widowx_control --single-version-externally-managed install_data
