[0.897s] Invoking command in '/home/biolab-linux/openARM/legacy/ws_fruit_sorting/fruit_sorting_webots': PYTHONPATH=/home/biolab-linux/openARM/build/fruit_sorting_webots/prefix_override:/usr/lib/python3/dist-packages/colcon_core/task/python/colcon_distutils_commands:/home/biolab-linux/openARM/install/fruit_sorting_webots/lib/python3.10/site-packages:${PYTHONPATH} /usr/bin/python3 -W ignore:setup.py install is deprecated -W ignore:easy_install command is deprecated setup.py egg_info --egg-base ../../../build/fruit_sorting_webots build --build-base /home/biolab-linux/openARM/build/fruit_sorting_webots/build install --record /home/biolab-linux/openARM/build/fruit_sorting_webots/install.log --install-scripts $base/lib/fruit_sorting_webots --single-version-externally-managed install_data
[1.094s] running egg_info
[1.095s] writing ../../../build/fruit_sorting_webots/fruit_sorting_webots.egg-info/PKG-INFO
[1.096s] writing dependency_links to ../../../build/fruit_sorting_webots/fruit_sorting_webots.egg-info/dependency_links.txt
[1.096s] writing entry points to ../../../build/fruit_sorting_webots/fruit_sorting_webots.egg-info/entry_points.txt
[1.096s] writing requirements to ../../../build/fruit_sorting_webots/fruit_sorting_webots.egg-info/requires.txt
[1.096s] writing top-level names to ../../../build/fruit_sorting_webots/fruit_sorting_webots.egg-info/top_level.txt
[1.098s] reading manifest file '../../../build/fruit_sorting_webots/fruit_sorting_webots.egg-info/SOURCES.txt'
[1.099s] writing manifest file '../../../build/fruit_sorting_webots/fruit_sorting_webots.egg-info/SOURCES.txt'
[1.099s] running build
[1.099s] running build_py
[1.101s] running install
[1.101s] running install_lib
[1.103s] running install_data
[1.105s] running install_egg_info
[1.107s] removing '/home/biolab-linux/openARM/install/fruit_sorting_webots/lib/python3.10/site-packages/fruit_sorting_webots-0.0.0-py3.10.egg-info' (and everything under it)
[1.107s] Copying ../../../build/fruit_sorting_webots/fruit_sorting_webots.egg-info to /home/biolab-linux/openARM/install/fruit_sorting_webots/lib/python3.10/site-packages/fruit_sorting_webots-0.0.0-py3.10.egg-info
[1.109s] running install_scripts
[1.125s] writing list of installed files to '/home/biolab-linux/openARM/build/fruit_sorting_webots/install.log'
[1.145s] Invoked command in '/home/biolab-linux/openARM/legacy/ws_fruit_sorting/fruit_sorting_webots' returned '0': PYTHONPATH=/home/biolab-linux/openARM/build/fruit_sorting_webots/prefix_override:/usr/lib/python3/dist-packages/colcon_core/task/python/colcon_distutils_commands:/home/biolab-linux/openARM/install/fruit_sorting_webots/lib/python3.10/site-packages:${PYTHONPATH} /usr/bin/python3 -W ignore:setup.py install is deprecated -W ignore:easy_install command is deprecated setup.py egg_info --egg-base ../../../build/fruit_sorting_webots build --build-base /home/biolab-linux/openARM/build/fruit_sorting_webots/build install --record /home/biolab-linux/openARM/build/fruit_sorting_webots/install.log --install-scripts $base/lib/fruit_sorting_webots --single-version-externally-managed install_data
