/home/biolab-linux/openARM/install/widowx_control/lib/python3.10/site-packages/widowx_control/sensors_tab.py
/home/biolab-linux/openARM/install/widowx_control/lib/python3.10/site-packages/widowx_control/touch_source.py
/home/biolab-linux/openARM/install/widowx_control/lib/python3.10/site-packages/widowx_control/__init__.py
/home/biolab-linux/openARM/install/widowx_control/lib/python3.10/site-packages/widowx_control/theme.py
/home/biolab-linux/openARM/install/widowx_control/lib/python3.10/site-packages/widowx_control/poses_store.py
/home/biolab-linux/openARM/install/widowx_control/lib/python3.10/site-packages/widowx_control/driver_node.py
/home/biolab-linux/openARM/install/widowx_control/lib/python3.10/site-packages/widowx_control/gui_node.py
/home/biolab-linux/openARM/install/widowx_control/lib/python3.10/site-packages/widowx_control/armlink.py
/home/biolab-linux/openARM/install/widowx_control/lib/python3.10/site-packages/widowx_control/poses_tab.py
/home/biolab-linux/openARM/install/widowx_control/lib/python3.10/site-packages/widowx_control/__pycache__/sensors_tab.cpython-310.pyc
/home/biolab-linux/openARM/install/widowx_control/lib/python3.10/site-packages/widowx_control/__pycache__/touch_source.cpython-310.pyc
/home/biolab-linux/openARM/install/widowx_control/lib/python3.10/site-packages/widowx_control/__pycache__/__init__.cpython-310.pyc
/home/biolab-linux/openARM/install/widowx_control/lib/python3.10/site-packages/widowx_control/__pycache__/theme.cpython-310.pyc
/home/biolab-linux/openARM/install/widowx_control/lib/python3.10/site-packages/widowx_control/__pycache__/poses_store.cpython-310.pyc
/home/biolab-linux/openARM/install/widowx_control/lib/python3.10/site-packages/widowx_control/__pycache__/driver_node.cpython-310.pyc
/home/biolab-linux/openARM/install/widowx_control/lib/python3.10/site-packages/widowx_control/__pycache__/gui_node.cpython-310.pyc
/home/biolab-linux/openARM/install/widowx_control/lib/python3.10/site-packages/widowx_control/__pycache__/armlink.cpython-310.pyc
/home/biolab-linux/openARM/install/widowx_control/lib/python3.10/site-packages/widowx_control/__pycache__/poses_tab.cpython-310.pyc
/home/biolab-linux/openARM/install/widowx_control/share/ament_index/resource_index/packages/widowx_control
/home/biolab-linux/openARM/install/widowx_control/share/widowx_control/package.xml
/home/biolab-linux/openARM/install/widowx_control/share/widowx_control/launch/widowx_control.launch.py
/home/biolab-linux/openARM/install/widowx_control/lib/python3.10/site-packages/widowx_control-0.1.0-py3.10.egg-info/PKG-INFO
/home/biolab-linux/openARM/install/widowx_control/lib/python3.10/site-packages/widowx_control-0.1.0-py3.10.egg-info/dependency_links.txt
/home/biolab-linux/openARM/install/widowx_control/lib/python3.10/site-packages/widowx_control-0.1.0-py3.10.egg-info/top_level.txt
/home/biolab-linux/openARM/install/widowx_control/lib/python3.10/site-packages/widowx_control-0.1.0-py3.10.egg-info/SOURCES.txt
/home/biolab-linux/openARM/install/widowx_control/lib/python3.10/site-packages/widowx_control-0.1.0-py3.10.egg-info/zip-safe
/home/biolab-linux/openARM/install/widowx_control/lib/python3.10/site-packages/widowx_control-0.1.0-py3.10.egg-info/entry_points.txt
/home/biolab-linux/openARM/install/widowx_control/lib/python3.10/site-packages/widowx_control-0.1.0-py3.10.egg-info/requires.txt
/home/biolab-linux/openARM/install/widowx_control/lib/widowx_control/widowx_driver
/home/biolab-linux/openARM/install/widowx_control/lib/widowx_control/widowx_gui
