[0.842s] Invoking command in '/home/biolab-linux/openARM/ros2_ws/src/widowx_control': PYTHONPATH=/home/biolab-linux/openARM/build/widowx_control/prefix_override:/usr/lib/python3/dist-packages/colcon_core/task/python/colcon_distutils_commands:/home/biolab-linux/openARM/install/widowx_control/lib/python3.10/site-packages:${PYTHONPATH} /usr/bin/python3 -W ignore:setup.py install is deprecated -W ignore:easy_install command is deprecated setup.py egg_info --egg-base ../../../build/widowx_control build --build-base /home/biolab-linux/openARM/build/widowx_control/build install --record /home/biolab-linux/openARM/build/widowx_control/install.log --install-scripts $base/lib/widowx_control --single-version-externally-managed install_data
[1.042s] running egg_info
[1.042s] creating ../../../build/widowx_control/widowx_control.egg-info
[1.043s] writing ../../../build/widowx_control/widowx_control.egg-info/PKG-INFO
[1.043s] writing dependency_links to ../../../build/widowx_control/widowx_control.egg-info/dependency_links.txt
[1.043s] writing entry points to ../../../build/widowx_control/widowx_control.egg-info/entry_points.txt
[1.043s] writing requirements to ../../../build/widowx_control/widowx_control.egg-info/requires.txt
[1.043s] writing top-level names to ../../../build/widowx_control/widowx_control.egg-info/top_level.txt
[1.043s] writing manifest file '../../../build/widowx_control/widowx_control.egg-info/SOURCES.txt'
[1.045s] reading manifest file '../../../build/widowx_control/widowx_control.egg-info/SOURCES.txt'
[1.047s] writing manifest file '../../../build/widowx_control/widowx_control.egg-info/SOURCES.txt'
[1.047s] running build
[1.047s] running build_py
[1.047s] creating /home/biolab-linux/openARM/build/widowx_control/build
[1.047s] creating /home/biolab-linux/openARM/build/widowx_control/build/lib
[1.047s] creating /home/biolab-linux/openARM/build/widowx_control/build/lib/widowx_control
[1.047s] copying widowx_control/__init__.py -> /home/biolab-linux/openARM/build/widowx_control/build/lib/widowx_control
[1.047s] copying widowx_control/driver_node.py -> /home/biolab-linux/openARM/build/widowx_control/build/lib/widowx_control
[1.048s] copying widowx_control/gui_node.py -> /home/biolab-linux/openARM/build/widowx_control/build/lib/widowx_control
[1.049s] copying widowx_control/armlink.py -> /home/biolab-linux/openARM/build/widowx_control/build/lib/widowx_control
[1.049s] running install
[1.049s] running install_lib
[1.050s] creating /home/biolab-linux/openARM/install/widowx_control/lib/python3.10/site-packages/widowx_control
[1.050s] copying /home/biolab-linux/openARM/build/widowx_control/build/lib/widowx_control/__init__.py -> /home/biolab-linux/openARM/install/widowx_control/lib/python3.10/site-packages/widowx_control
[1.050s] copying /home/biolab-linux/openARM/build/widowx_control/build/lib/widowx_control/driver_node.py -> /home/biolab-linux/openARM/install/widowx_control/lib/python3.10/site-packages/widowx_control
[1.050s] copying /home/biolab-linux/openARM/build/widowx_control/build/lib/widowx_control/gui_node.py -> /home/biolab-linux/openARM/install/widowx_control/lib/python3.10/site-packages/widowx_control
[1.051s] copying /home/biolab-linux/openARM/build/widowx_control/build/lib/widowx_control/armlink.py -> /home/biolab-linux/openARM/install/widowx_control/lib/python3.10/site-packages/widowx_control
[1.051s] byte-compiling /home/biolab-linux/openARM/install/widowx_control/lib/python3.10/site-packages/widowx_control/__init__.py to __init__.cpython-310.pyc
[1.051s] byte-compiling /home/biolab-linux/openARM/install/widowx_control/lib/python3.10/site-packages/widowx_control/driver_node.py to driver_node.cpython-310.pyc
[1.053s] byte-compiling /home/biolab-linux/openARM/install/widowx_control/lib/python3.10/site-packages/widowx_control/gui_node.py to gui_node.cpython-310.pyc
[1.058s] byte-compiling /home/biolab-linux/openARM/install/widowx_control/lib/python3.10/site-packages/widowx_control/armlink.py to armlink.cpython-310.pyc
[1.060s] running install_data
[1.060s] creating /home/biolab-linux/openARM/install/widowx_control/share/ament_index
[1.060s] creating /home/biolab-linux/openARM/install/widowx_control/share/ament_index/resource_index
[1.060s] creating /home/biolab-linux/openARM/install/widowx_control/share/ament_index/resource_index/packages
[1.060s] copying resource/widowx_control -> /home/biolab-linux/openARM/install/widowx_control/share/ament_index/resource_index/packages
[1.060s] copying package.xml -> /home/biolab-linux/openARM/install/widowx_control/share/widowx_control
[1.060s] creating /home/biolab-linux/openARM/install/widowx_control/share/widowx_control/launch
[1.060s] copying launch/widowx_control.launch.py -> /home/biolab-linux/openARM/install/widowx_control/share/widowx_control/launch
[1.060s] running install_egg_info
[1.062s] Copying ../../../build/widowx_control/widowx_control.egg-info to /home/biolab-linux/openARM/install/widowx_control/lib/python3.10/site-packages/widowx_control-0.1.0-py3.10.egg-info
[1.062s] running install_scripts
[1.078s] Installing widowx_driver script to /home/biolab-linux/openARM/install/widowx_control/lib/widowx_control
[1.078s] Installing widowx_gui script to /home/biolab-linux/openARM/install/widowx_control/lib/widowx_control
[1.078s] writing list of installed files to '/home/biolab-linux/openARM/build/widowx_control/install.log'
[1.112s] Invoked command in '/home/biolab-linux/openARM/ros2_ws/src/widowx_control' returned '0': PYTHONPATH=/home/biolab-linux/openARM/build/widowx_control/prefix_override:/usr/lib/python3/dist-packages/colcon_core/task/python/colcon_distutils_commands:/home/biolab-linux/openARM/install/widowx_control/lib/python3.10/site-packages:${PYTHONPATH} /usr/bin/python3 -W ignore:setup.py install is deprecated -W ignore:easy_install command is deprecated setup.py egg_info --egg-base ../../../build/widowx_control build --build-base /home/biolab-linux/openARM/build/widowx_control/build install --record /home/biolab-linux/openARM/build/widowx_control/install.log --install-scripts $base/lib/widowx_control --single-version-externally-managed install_data
