[0.555s] Invoking command in '/home/biolab-linux/openARM/ros2_ws/src/widowx_control': PYTHONPATH=/home/biolab-linux/openARM/ros2_ws/build/widowx_control/prefix_override:/usr/lib/python3/dist-packages/colcon_core/task/python/colcon_distutils_commands:/home/biolab-linux/openARM/ros2_ws/install/widowx_control/lib/python3.10/site-packages:${PYTHONPATH} /usr/bin/python3 -W ignore:setup.py install is deprecated -W ignore:easy_install command is deprecated setup.py egg_info --egg-base ../../build/widowx_control build --build-base /home/biolab-linux/openARM/ros2_ws/build/widowx_control/build install --record /home/biolab-linux/openARM/ros2_ws/build/widowx_control/install.log --install-scripts $base/lib/widowx_control --single-version-externally-managed install_data
[0.773s] running egg_info
[0.773s] writing ../../build/widowx_control/widowx_control.egg-info/PKG-INFO
[0.773s] writing dependency_links to ../../build/widowx_control/widowx_control.egg-info/dependency_links.txt
[0.773s] writing entry points to ../../build/widowx_control/widowx_control.egg-info/entry_points.txt
[0.774s] writing requirements to ../../build/widowx_control/widowx_control.egg-info/requires.txt
[0.774s] writing top-level names to ../../build/widowx_control/widowx_control.egg-info/top_level.txt
[0.775s] reading manifest file '../../build/widowx_control/widowx_control.egg-info/SOURCES.txt'
[0.776s] writing manifest file '../../build/widowx_control/widowx_control.egg-info/SOURCES.txt'
[0.776s] running build
[0.776s] running build_py
[0.776s] copying widowx_control/driver_node.py -> /home/biolab-linux/openARM/ros2_ws/build/widowx_control/build/lib/widowx_control
[0.776s] running install
[0.777s] running install_lib
[0.777s] copying /home/biolab-linux/openARM/ros2_ws/build/widowx_control/build/lib/widowx_control/driver_node.py -> /home/biolab-linux/openARM/ros2_ws/install/widowx_control/lib/python3.10/site-packages/widowx_control
[0.778s] byte-compiling /home/biolab-linux/openARM/ros2_ws/install/widowx_control/lib/python3.10/site-packages/widowx_control/driver_node.py to driver_node.cpython-310.pyc
[0.780s] running install_data
[0.780s] running install_egg_info
[0.782s] removing '/home/biolab-linux/openARM/ros2_ws/install/widowx_control/lib/python3.10/site-packages/widowx_control-0.1.0-py3.10.egg-info' (and everything under it)
[0.782s] Copying ../../build/widowx_control/widowx_control.egg-info to /home/biolab-linux/openARM/ros2_ws/install/widowx_control/lib/python3.10/site-packages/widowx_control-0.1.0-py3.10.egg-info
[0.783s] running install_scripts
[0.799s] Installing widowx_driver script to /home/biolab-linux/openARM/ros2_ws/install/widowx_control/lib/widowx_control
[0.799s] Installing widowx_gui script to /home/biolab-linux/openARM/ros2_ws/install/widowx_control/lib/widowx_control
[0.799s] writing list of installed files to '/home/biolab-linux/openARM/ros2_ws/build/widowx_control/install.log'
[0.815s] Invoked command in '/home/biolab-linux/openARM/ros2_ws/src/widowx_control' returned '0': PYTHONPATH=/home/biolab-linux/openARM/ros2_ws/build/widowx_control/prefix_override:/usr/lib/python3/dist-packages/colcon_core/task/python/colcon_distutils_commands:/home/biolab-linux/openARM/ros2_ws/install/widowx_control/lib/python3.10/site-packages:${PYTHONPATH} /usr/bin/python3 -W ignore:setup.py install is deprecated -W ignore:easy_install command is deprecated setup.py egg_info --egg-base ../../build/widowx_control build --build-base /home/biolab-linux/openARM/ros2_ws/build/widowx_control/build install --record /home/biolab-linux/openARM/ros2_ws/build/widowx_control/install.log --install-scripts $base/lib/widowx_control --single-version-externally-managed install_data
