[0.742s] Invoking command in '/home/biolab-linux/openARM/ros2_ws/src/widowx_control': PYTHONPATH=/home/biolab-linux/openARM/build/widowx_control/prefix_override:/usr/lib/python3/dist-packages/colcon_core/task/python/colcon_distutils_commands:/home/biolab-linux/openARM/install/widowx_control/lib/python3.10/site-packages:${PYTHONPATH} /usr/bin/python3 -W ignore:setup.py install is deprecated -W ignore:easy_install command is deprecated setup.py egg_info --egg-base ../../../build/widowx_control build --build-base /home/biolab-linux/openARM/build/widowx_control/build install --record /home/biolab-linux/openARM/build/widowx_control/install.log --install-scripts $base/lib/widowx_control --single-version-externally-managed install_data
[0.955s] running egg_info
[0.955s] writing ../../../build/widowx_control/widowx_control.egg-info/PKG-INFO
[0.956s] writing dependency_links to ../../../build/widowx_control/widowx_control.egg-info/dependency_links.txt
[0.956s] writing entry points to ../../../build/widowx_control/widowx_control.egg-info/entry_points.txt
[0.956s] writing requirements to ../../../build/widowx_control/widowx_control.egg-info/requires.txt
[0.956s] writing top-level names to ../../../build/widowx_control/widowx_control.egg-info/top_level.txt
[0.958s] reading manifest file '../../../build/widowx_control/widowx_control.egg-info/SOURCES.txt'
[0.960s] writing manifest file '../../../build/widowx_control/widowx_control.egg-info/SOURCES.txt'
[0.960s] running build
[0.960s] running build_py
[0.960s] copying widowx_control/sensors_tab.py -> /home/biolab-linux/openARM/build/widowx_control/build/lib/widowx_control
[0.960s] copying widowx_control/touch_source.py -> /home/biolab-linux/openARM/build/widowx_control/build/lib/widowx_control
[0.960s] copying widowx_control/theme.py -> /home/biolab-linux/openARM/build/widowx_control/build/lib/widowx_control
[0.960s] copying widowx_control/poses_store.py -> /home/biolab-linux/openARM/build/widowx_control/build/lib/widowx_control
[0.961s] copying widowx_control/driver_node.py -> /home/biolab-linux/openARM/build/widowx_control/build/lib/widowx_control
[0.961s] copying widowx_control/gui_node.py -> /home/biolab-linux/openARM/build/widowx_control/build/lib/widowx_control
[0.961s] copying widowx_control/poses_tab.py -> /home/biolab-linux/openARM/build/widowx_control/build/lib/widowx_control
[0.961s] running install
[0.962s] running install_lib
[0.962s] copying /home/biolab-linux/openARM/build/widowx_control/build/lib/widowx_control/sensors_tab.py -> /home/biolab-linux/openARM/install/widowx_control/lib/python3.10/site-packages/widowx_control
[0.962s] copying /home/biolab-linux/openARM/build/widowx_control/build/lib/widowx_control/touch_source.py -> /home/biolab-linux/openARM/install/widowx_control/lib/python3.10/site-packages/widowx_control
[0.963s] copying /home/biolab-linux/openARM/build/widowx_control/build/lib/widowx_control/theme.py -> /home/biolab-linux/openARM/install/widowx_control/lib/python3.10/site-packages/widowx_control
[0.963s] copying /home/biolab-linux/openARM/build/widowx_control/build/lib/widowx_control/poses_store.py -> /home/biolab-linux/openARM/install/widowx_control/lib/python3.10/site-packages/widowx_control
[0.963s] copying /home/biolab-linux/openARM/build/widowx_control/build/lib/widowx_control/driver_node.py -> /home/biolab-linux/openARM/install/widowx_control/lib/python3.10/site-packages/widowx_control
[0.963s] copying /home/biolab-linux/openARM/build/widowx_control/build/lib/widowx_control/gui_node.py -> /home/biolab-linux/openARM/install/widowx_control/lib/python3.10/site-packages/widowx_control
[0.963s] copying /home/biolab-linux/openARM/build/widowx_control/build/lib/widowx_control/poses_tab.py -> /home/biolab-linux/openARM/install/widowx_control/lib/python3.10/site-packages/widowx_control
[0.964s] byte-compiling /home/biolab-linux/openARM/install/widowx_control/lib/python3.10/site-packages/widowx_control/sensors_tab.py to sensors_tab.cpython-310.pyc
[0.966s] byte-compiling /home/biolab-linux/openARM/install/widowx_control/lib/python3.10/site-packages/widowx_control/touch_source.py to touch_source.cpython-310.pyc
[0.970s] byte-compiling /home/biolab-linux/openARM/install/widowx_control/lib/python3.10/site-packages/widowx_control/theme.py to theme.cpython-310.pyc
[0.970s] byte-compiling /home/biolab-linux/openARM/install/widowx_control/lib/python3.10/site-packages/widowx_control/poses_store.py to poses_store.cpython-310.pyc
[0.971s] byte-compiling /home/biolab-linux/openARM/install/widowx_control/lib/python3.10/site-packages/widowx_control/driver_node.py to driver_node.cpython-310.pyc
[0.973s] byte-compiling /home/biolab-linux/openARM/install/widowx_control/lib/python3.10/site-packages/widowx_control/gui_node.py to gui_node.cpython-310.pyc
[0.978s] byte-compiling /home/biolab-linux/openARM/install/widowx_control/lib/python3.10/site-packages/widowx_control/poses_tab.py to poses_tab.cpython-310.pyc
[0.983s] running install_data
[0.983s] copying package.xml -> /home/biolab-linux/openARM/install/widowx_control/share/widowx_control
[0.983s] copying launch/widowx_control.launch.py -> /home/biolab-linux/openARM/install/widowx_control/share/widowx_control/launch
[0.983s] running install_egg_info
[0.985s] removing '/home/biolab-linux/openARM/install/widowx_control/lib/python3.10/site-packages/widowx_control-0.1.0-py3.10.egg-info' (and everything under it)
[0.985s] Copying ../../../build/widowx_control/widowx_control.egg-info to /home/biolab-linux/openARM/install/widowx_control/lib/python3.10/site-packages/widowx_control-0.1.0-py3.10.egg-info
[0.987s] running install_scripts
[1.003s] Installing widowx_driver script to /home/biolab-linux/openARM/install/widowx_control/lib/widowx_control
[1.004s] Installing widowx_gui script to /home/biolab-linux/openARM/install/widowx_control/lib/widowx_control
[1.004s] writing list of installed files to '/home/biolab-linux/openARM/build/widowx_control/install.log'
[1.022s] Invoked command in '/home/biolab-linux/openARM/ros2_ws/src/widowx_control' returned '0': PYTHONPATH=/home/biolab-linux/openARM/build/widowx_control/prefix_override:/usr/lib/python3/dist-packages/colcon_core/task/python/colcon_distutils_commands:/home/biolab-linux/openARM/install/widowx_control/lib/python3.10/site-packages:${PYTHONPATH} /usr/bin/python3 -W ignore:setup.py install is deprecated -W ignore:easy_install command is deprecated setup.py egg_info --egg-base ../../../build/widowx_control build --build-base /home/biolab-linux/openARM/build/widowx_control/build install --record /home/biolab-linux/openARM/build/widowx_control/install.log --install-scripts $base/lib/widowx_control --single-version-externally-managed install_data
