[0.525s] Invoking command in '/home/biolab-linux/openARM/ros2_ws/src/widowx_control': PYTHONPATH=/home/biolab-linux/openARM/ros2_ws/build/widowx_control/prefix_override:/usr/lib/python3/dist-packages/colcon_core/task/python/colcon_distutils_commands:/home/biolab-linux/openARM/ros2_ws/install/widowx_control/lib/python3.10/site-packages:${PYTHONPATH} /usr/bin/python3 -W ignore:setup.py install is deprecated -W ignore:easy_install command is deprecated setup.py egg_info --egg-base ../../build/widowx_control build --build-base /home/biolab-linux/openARM/ros2_ws/build/widowx_control/build install --record /home/biolab-linux/openARM/ros2_ws/build/widowx_control/install.log --install-scripts $base/lib/widowx_control --single-version-externally-managed install_data
[0.742s] running egg_info
[0.742s] writing ../../build/widowx_control/widowx_control.egg-info/PKG-INFO
[0.742s] writing dependency_links to ../../build/widowx_control/widowx_control.egg-info/dependency_links.txt
[0.743s] writing entry points to ../../build/widowx_control/widowx_control.egg-info/entry_points.txt
[0.743s] writing requirements to ../../build/widowx_control/widowx_control.egg-info/requires.txt
[0.743s] writing top-level names to ../../build/widowx_control/widowx_control.egg-info/top_level.txt
[0.744s] reading manifest file '../../build/widowx_control/widowx_control.egg-info/SOURCES.txt'
[0.745s] writing manifest file '../../build/widowx_control/widowx_control.egg-info/SOURCES.txt'
[0.745s] running build
[0.745s] running build_py
[0.745s] running install
[0.745s] running install_lib
[0.746s] running install_data
[0.747s] running install_egg_info
[0.748s] removing '/home/biolab-linux/openARM/ros2_ws/install/widowx_control/lib/python3.10/site-packages/widowx_control-0.1.0-py3.10.egg-info' (and everything under it)
[0.748s] Copying ../../build/widowx_control/widowx_control.egg-info to /home/biolab-linux/openARM/ros2_ws/install/widowx_control/lib/python3.10/site-packages/widowx_control-0.1.0-py3.10.egg-info
[0.749s] running install_scripts
[0.765s] Installing widowx_driver script to /home/biolab-linux/openARM/ros2_ws/install/widowx_control/lib/widowx_control
[0.765s] Installing widowx_gui script to /home/biolab-linux/openARM/ros2_ws/install/widowx_control/lib/widowx_control
[0.765s] writing list of installed files to '/home/biolab-linux/openARM/ros2_ws/build/widowx_control/install.log'
[0.781s] Invoked command in '/home/biolab-linux/openARM/ros2_ws/src/widowx_control' returned '0': PYTHONPATH=/home/biolab-linux/openARM/ros2_ws/build/widowx_control/prefix_override:/usr/lib/python3/dist-packages/colcon_core/task/python/colcon_distutils_commands:/home/biolab-linux/openARM/ros2_ws/install/widowx_control/lib/python3.10/site-packages:${PYTHONPATH} /usr/bin/python3 -W ignore:setup.py install is deprecated -W ignore:easy_install command is deprecated setup.py egg_info --egg-base ../../build/widowx_control build --build-base /home/biolab-linux/openARM/ros2_ws/build/widowx_control/build install --record /home/biolab-linux/openARM/ros2_ws/build/widowx_control/install.log --install-scripts $base/lib/widowx_control --single-version-externally-managed install_data
