running egg_info
writing ../../build/widowx_control/widowx_control.egg-info/PKG-INFO
writing dependency_links to ../../build/widowx_control/widowx_control.egg-info/dependency_links.txt
writing entry points to ../../build/widowx_control/widowx_control.egg-info/entry_points.txt
writing requirements to ../../build/widowx_control/widowx_control.egg-info/requires.txt
writing top-level names to ../../build/widowx_control/widowx_control.egg-info/top_level.txt
reading manifest file '../../build/widowx_control/widowx_control.egg-info/SOURCES.txt'
writing manifest file '../../build/widowx_control/widowx_control.egg-info/SOURCES.txt'
running build
running build_py
copying widowx_control/__init__.py -> /home/biolab-linux/openARM/ros2_ws/build/widowx_control/build/lib/widowx_control
running install
running install_lib
copying /home/biolab-linux/openARM/ros2_ws/build/widowx_control/build/lib/widowx_control/__init__.py -> /home/biolab-linux/openARM/ros2_ws/install/widowx_control/lib/python3.10/site-packages/widowx_control
byte-compiling /home/biolab-linux/openARM/ros2_ws/install/widowx_control/lib/python3.10/site-packages/widowx_control/__init__.py to __init__.cpython-310.pyc
running install_data
running install_egg_info
removing '/home/biolab-linux/openARM/ros2_ws/install/widowx_control/lib/python3.10/site-packages/widowx_control-0.1.0-py3.10.egg-info' (and everything under it)
Copying ../../build/widowx_control/widowx_control.egg-info to /home/biolab-linux/openARM/ros2_ws/install/widowx_control/lib/python3.10/site-packages/widowx_control-0.1.0-py3.10.egg-info
running install_scripts
Installing widowx_driver script to /home/biolab-linux/openARM/ros2_ws/install/widowx_control/lib/widowx_control
Installing widowx_gui script to /home/biolab-linux/openARM/ros2_ws/install/widowx_control/lib/widowx_control
writing list of installed files to '/home/biolab-linux/openARM/ros2_ws/build/widowx_control/install.log'
