running develop
running egg_info
creating widowx_control.egg-info
writing widowx_control.egg-info/PKG-INFO
writing dependency_links to widowx_control.egg-info/dependency_links.txt
writing entry points to widowx_control.egg-info/entry_points.txt
writing requirements to widowx_control.egg-info/requires.txt
writing top-level names to widowx_control.egg-info/top_level.txt
writing manifest file 'widowx_control.egg-info/SOURCES.txt'
package init file 'widowx_control/__init__.py' not found (or not a regular file)
reading manifest file 'widowx_control.egg-info/SOURCES.txt'
writing manifest file 'widowx_control.egg-info/SOURCES.txt'
running build_ext
Creating /home/biolab-linux/openARM/ros2_ws/install/widowx_control/lib/python3.10/site-packages/widowx-control.egg-link (link to .)
Installing widowx_driver script to /home/biolab-linux/openARM/ros2_ws/install/widowx_control/lib/widowx_control
Installing widowx_gui script to /home/biolab-linux/openARM/ros2_ws/install/widowx_control/lib/widowx_control

Installed /home/biolab-linux/openARM/ros2_ws/build/widowx_control
running symlink_data
creating /home/biolab-linux/openARM/ros2_ws/install/widowx_control/share/ament_index
creating /home/biolab-linux/openARM/ros2_ws/install/widowx_control/share/ament_index/resource_index
creating /home/biolab-linux/openARM/ros2_ws/install/widowx_control/share/ament_index/resource_index/packages
symbolically linking /home/biolab-linux/openARM/ros2_ws/build/widowx_control/resource/widowx_control -> /home/biolab-linux/openARM/ros2_ws/install/widowx_control/share/ament_index/resource_index/packages
symbolically linking /home/biolab-linux/openARM/ros2_ws/build/widowx_control/package.xml -> /home/biolab-linux/openARM/ros2_ws/install/widowx_control/share/widowx_control
creating /home/biolab-linux/openARM/ros2_ws/install/widowx_control/share/widowx_control/launch
symbolically linking /home/biolab-linux/openARM/ros2_ws/build/widowx_control/launch/widowx_control.launch.py -> /home/biolab-linux/openARM/ros2_ws/install/widowx_control/share/widowx_control/launch
