[0.791s] Invoking command in '/home/biolab-linux/openARM/ros2_ws/build/widowx_control': PYTHONPATH=/home/biolab-linux/openARM/ros2_ws/build/widowx_control/prefix_override:/usr/lib/python3/dist-packages/colcon_core/task/python/colcon_distutils_commands:/home/biolab-linux/openARM/ros2_ws/install/widowx_control/lib/python3.10/site-packages:${PYTHONPATH} /usr/bin/python3 -W ignore:setup.py install is deprecated -W ignore:easy_install command is deprecated setup.py develop --editable --build-directory /home/biolab-linux/openARM/ros2_ws/build/widowx_control/build --no-deps symlink_data
[1.027s] running develop
[1.188s] running egg_info
[1.188s] creating widowx_control.egg-info
[1.189s] writing widowx_control.egg-info/PKG-INFO
[1.189s] writing dependency_links to widowx_control.egg-info/dependency_links.txt
[1.189s] writing entry points to widowx_control.egg-info/entry_points.txt
[1.189s] writing requirements to widowx_control.egg-info/requires.txt
[1.189s] writing top-level names to widowx_control.egg-info/top_level.txt
[1.189s] writing manifest file 'widowx_control.egg-info/SOURCES.txt'
[1.190s] package init file 'widowx_control/__init__.py' not found (or not a regular file)
[1.190s] reading manifest file 'widowx_control.egg-info/SOURCES.txt'
[1.191s] writing manifest file 'widowx_control.egg-info/SOURCES.txt'
[1.192s] running build_ext
[1.192s] Creating /home/biolab-linux/openARM/ros2_ws/install/widowx_control/lib/python3.10/site-packages/widowx-control.egg-link (link to .)
[1.193s] Installing widowx_driver script to /home/biolab-linux/openARM/ros2_ws/install/widowx_control/lib/widowx_control
[1.193s] Installing widowx_gui script to /home/biolab-linux/openARM/ros2_ws/install/widowx_control/lib/widowx_control
[1.193s] 
[1.193s] Installed /home/biolab-linux/openARM/ros2_ws/build/widowx_control
[1.193s] running symlink_data
[1.193s] creating /home/biolab-linux/openARM/ros2_ws/install/widowx_control/share/ament_index
[1.193s] creating /home/biolab-linux/openARM/ros2_ws/install/widowx_control/share/ament_index/resource_index
[1.193s] creating /home/biolab-linux/openARM/ros2_ws/install/widowx_control/share/ament_index/resource_index/packages
[1.193s] symbolically linking /home/biolab-linux/openARM/ros2_ws/build/widowx_control/resource/widowx_control -> /home/biolab-linux/openARM/ros2_ws/install/widowx_control/share/ament_index/resource_index/packages
[1.194s] symbolically linking /home/biolab-linux/openARM/ros2_ws/build/widowx_control/package.xml -> /home/biolab-linux/openARM/ros2_ws/install/widowx_control/share/widowx_control
[1.194s] creating /home/biolab-linux/openARM/ros2_ws/install/widowx_control/share/widowx_control/launch
[1.194s] symbolically linking /home/biolab-linux/openARM/ros2_ws/build/widowx_control/launch/widowx_control.launch.py -> /home/biolab-linux/openARM/ros2_ws/install/widowx_control/share/widowx_control/launch
[1.212s] Invoked command in '/home/biolab-linux/openARM/ros2_ws/build/widowx_control' returned '0': PYTHONPATH=/home/biolab-linux/openARM/ros2_ws/build/widowx_control/prefix_override:/usr/lib/python3/dist-packages/colcon_core/task/python/colcon_distutils_commands:/home/biolab-linux/openARM/ros2_ws/install/widowx_control/lib/python3.10/site-packages:${PYTHONPATH} /usr/bin/python3 -W ignore:setup.py install is deprecated -W ignore:easy_install command is deprecated setup.py develop --editable --build-directory /home/biolab-linux/openARM/ros2_ws/build/widowx_control/build --no-deps symlink_data
